\BOOKMARK [0][-]{section*.1}{\376\377\000A\000C\000K\000N\000O\000W\000L\000E\000D\000G\000E\000M\000E\000N\000T\000S}{}% 1
\BOOKMARK [0][-]{section*.2}{\376\377\000A\000B\000S\000T\000R\000A\000C\000T}{}% 2
\BOOKMARK [0][-]{section*.4}{\376\377\000L\000I\000S\000T\000\040\000O\000F\000\040\000T\000A\000B\000L\000E\000S}{}% 3
\BOOKMARK [0][-]{section*.6}{\376\377\000L\000I\000S\000T\000\040\000O\000F\000\040\000F\000I\000G\000U\000R\000E\000S}{}% 4
\BOOKMARK [0][-]{chapter.1}{\376\377\000I\000N\000T\000R\000O\000D\000U\000C\000T\000I\000O\000N}{}% 5
\BOOKMARK [1][-]{section.1.1}{\376\377\000I\000n\000t\000r\000o\000d\000u\000c\000t\000i\000o\000n\000\040\000t\000o\000\040\000F\000l\000o\000o\000d\000\040\000P\000r\000e\000d\000i\000c\000t\000i\000o\000n\000\040\000a\000n\000d\000\040\000E\000a\000r\000l\000y\000\040\000W\000a\000r\000n\000i\000n\000g\000\040\000S\000y\000s\000t\000e\000m}{chapter.1}% 6
\BOOKMARK [1][-]{section.1.2}{\376\377\000G\000l\000o\000b\000a\000l\000\040\000p\000e\000r\000s\000p\000e\000c\000t\000i\000v\000e\000\040\000o\000f\000\040\000F\000l\000o\000o\000d}{chapter.1}% 7
\BOOKMARK [1][-]{section.1.3}{\376\377\000L\000o\000c\000a\000l\000\040\000P\000e\000r\000s\000p\000e\000c\000t\000i\000v\000e\000\040\000o\000f\000\040\000F\000l\000o\000o\000d\000\040\000\050\000T\000h\000a\000i\000l\000a\000n\000d\000\051}{chapter.1}% 8
\BOOKMARK [1][-]{section.1.4}{\376\377\000W\000h\000y\000\040\000D\000o\000\040\000W\000e\000\040\000D\000o\000\040\000T\000h\000i\000s\000\040\000P\000r\000o\000j\000e\000c\000t\000?}{chapter.1}% 9
\BOOKMARK [1][-]{section.1.5}{\376\377\000P\000r\000o\000b\000l\000e\000m\000\040\000S\000t\000a\000t\000e\000m\000e\000n\000t}{chapter.1}% 10
\BOOKMARK [2][-]{subsection.1.5.1}{\376\377\000P\000o\000s\000s\000i\000b\000l\000e\000\040\000U\000s\000e\000r\000s}{section.1.5}% 11
\BOOKMARK [0][-]{chapter.2}{\376\377\000L\000i\000t\000e\000r\000a\000t\000u\000r\000e\000\040\000R\000e\000v\000i\000e\000w}{}% 12
\BOOKMARK [1][-]{section.2.1}{\376\377\000F\000l\000o\000o\000d\000\040\000P\000r\000e\000d\000i\000c\000t\000i\000o\000n\000\040\000a\000n\000d\000\040\000W\000a\000r\000n\000i\000n\000g\000\040\000S\000y\000s\000t\000e\000m\000s}{chapter.2}% 13
\BOOKMARK [1][-]{section.2.2}{\376\377\000A\000I\000-\000B\000a\000s\000e\000d\000\040\000F\000l\000o\000o\000d\000\040\000M\000o\000n\000i\000t\000o\000r\000i\000n\000g}{chapter.2}% 14
\BOOKMARK [1][-]{section.2.3}{\376\377\000G\000l\000o\000b\000a\000l\000\040\000E\000a\000r\000l\000y\000\040\000W\000a\000r\000n\000i\000n\000g\000\040\000S\000y\000s\000t\000e\000m\000s}{chapter.2}% 15
\BOOKMARK [1][-]{section.2.4}{\376\377\000M\000a\000c\000h\000i\000n\000e\000\040\000L\000e\000a\000r\000n\000i\000n\000g\000\040\000f\000o\000r\000\040\000W\000a\000t\000e\000r\000\040\000L\000e\000v\000e\000l\000\040\000F\000o\000r\000e\000c\000a\000s\000t\000i\000n\000g}{chapter.2}% 16
\BOOKMARK [1][-]{section.2.5}{\376\377\000S\000y\000n\000t\000h\000e\000s\000i\000s\000\040\000a\000n\000d\000\040\000G\000a\000p\000s}{chapter.2}% 17
\BOOKMARK [0][-]{chapter.3}{\376\377\000M\000e\000t\000h\000o\000d\000o\000l\000o\000g\000y}{}% 18
\BOOKMARK [1][-]{section.3.1}{\376\377\000D\000a\000t\000a\000\040\000S\000e\000t}{chapter.3}% 19
\BOOKMARK [2][-]{subsection.3.1.1}{\376\377\000D\000e\000s\000c\000r\000i\000p\000t\000i\000o\000n}{section.3.1}% 20
\BOOKMARK [2][-]{subsection.3.1.2}{\376\377\000K\000e\000y\000\040\000F\000e\000a\000t\000u\000r\000e\000\040\000G\000r\000o\000u\000p\000s}{section.3.1}% 21
\BOOKMARK [2][-]{subsection.3.1.3}{\376\377\000R\000i\000s\000k\000\040\000C\000l\000a\000s\000s\000i\000f\000i\000c\000a\000t\000i\000o\000n\000\040\000S\000t\000a\000n\000d\000a\000r\000d\000s}{section.3.1}% 22
\BOOKMARK [1][-]{section.3.2}{\376\377\000D\000a\000t\000a\000\040\000A\000c\000q\000u\000i\000s\000i\000t\000i\000o\000n}{chapter.3}% 23
\BOOKMARK [1][-]{section.3.3}{\376\377\000E\000x\000p\000l\000o\000r\000a\000t\000o\000r\000y\000\040\000D\000a\000t\000a\000\040\000A\000n\000a\000l\000y\000s\000i\000s\000\040\000\050\000E\000D\000A\000\051}{chapter.3}% 24
\BOOKMARK [2][-]{subsection.3.3.1}{\376\377\000T\000e\000m\000p\000o\000r\000a\000l\000\040\000P\000a\000t\000t\000e\000r\000n\000s\000\040\000a\000n\000d\000\040\000S\000e\000a\000s\000o\000n\000a\000l\000i\000t\000y}{section.3.3}% 25
\BOOKMARK [2][-]{subsection.3.3.2}{\376\377\000F\000e\000a\000t\000u\000r\000e\000\040\000R\000e\000l\000a\000t\000i\000o\000n\000s\000h\000i\000p\000s}{section.3.3}% 26
\BOOKMARK [2][-]{subsection.3.3.3}{\376\377\000D\000i\000s\000t\000r\000i\000b\000u\000t\000i\000o\000n\000\040\000a\000n\000d\000\040\000R\000i\000s\000k\000\040\000P\000r\000o\000f\000i\000l\000e}{section.3.3}% 27
\BOOKMARK [2][-]{subsection.3.3.4}{\376\377\000R\000a\000t\000i\000o\000n\000a\000l\000e\000\040\000f\000o\000r\000\040\000M\000e\000t\000e\000o\000r\000o\000l\000o\000g\000i\000c\000a\000l\000\040\000I\000n\000t\000e\000g\000r\000a\000t\000i\000o\000n}{section.3.3}% 28
\BOOKMARK [1][-]{section.3.4}{\376\377\000M\000o\000d\000e\000l\000\040\000I\000m\000p\000l\000e\000m\000e\000n\000t\000a\000t\000i\000o\000n\000\040\000a\000n\000d\000\040\000T\000r\000a\000i\000n\000i\000n\000g}{chapter.3}% 29
\BOOKMARK [2][-]{subsection.3.4.1}{\376\377\000M\000o\000d\000e\000l\000\040\000S\000e\000l\000e\000c\000t\000i\000o\000n}{section.3.4}% 30
\BOOKMARK [2][-]{subsection.3.4.2}{\376\377\000L\000S\000T\000M\000\040\000A\000r\000c\000h\000i\000t\000e\000c\000t\000u\000r\000e}{section.3.4}% 31
\BOOKMARK [2][-]{subsection.3.4.3}{\376\377\000E\000v\000a\000l\000u\000a\000t\000i\000o\000n\000\040\000M\000e\000t\000r\000i\000c\000s}{section.3.4}% 32
\BOOKMARK [2][-]{subsection.3.4.4}{\376\377\000H\000y\000p\000e\000r\000p\000a\000r\000a\000m\000e\000t\000e\000r\000s}{section.3.4}% 33
\BOOKMARK [2][-]{subsection.3.4.5}{\376\377\000T\000r\000a\000i\000n\000i\000n\000g\000\040\000S\000t\000r\000a\000t\000e\000g\000y}{section.3.4}% 34
\BOOKMARK [0][-]{chapter.4}{\376\377\000E\000x\000p\000e\000r\000i\000m\000e\000n\000t\000a\000l\000\040\000R\000e\000s\000u\000l\000t\000s\000\040\000a\000n\000d\000\040\000D\000i\000s\000c\000u\000s\000s\000i\000o\000n}{}% 35
\BOOKMARK [1][-]{section.4.1}{\376\377\000M\000o\000d\000e\000l\000\040\000E\000v\000a\000l\000u\000a\000t\000i\000o\000n\000\040\000R\000e\000s\000u\000l\000t\000s}{chapter.4}% 36
\BOOKMARK [2][-]{subsection.4.1.1}{\376\377\000M\000o\000d\000e\000l\000\040\000C\000o\000m\000p\000a\000r\000i\000s\000o\000n}{section.4.1}% 37
\BOOKMARK [2][-]{subsection.4.1.2}{\376\377\000F\000e\000a\000t\000u\000r\000e\000\040\000A\000b\000l\000a\000t\000i\000o\000n\000\040\000S\000t\000u\000d\000y}{section.4.1}% 38
\BOOKMARK [2][-]{subsection.4.1.3}{\376\377\000W\000h\000y\000\040\000W\000e\000a\000t\000h\000e\000r\000\040\000D\000a\000t\000a\000\040\000I\000m\000p\000r\000o\000v\000e\000s\000\040\000M\000o\000d\000e\000l\000\040\000A\000c\000c\000u\000r\000a\000c\000y}{section.4.1}% 39
\BOOKMARK [2][-]{subsection.4.1.4}{\376\377\000F\000e\000a\000t\000u\000r\000e\000\040\000I\000m\000p\000o\000r\000t\000a\000n\000c\000e\000\040\000A\000n\000a\000l\000y\000s\000i\000s}{section.4.1}% 40
\BOOKMARK [2][-]{subsection.4.1.5}{\376\377\000A\000d\000v\000a\000n\000c\000e\000d\000\040\000E\000r\000r\000o\000r\000\040\000A\000n\000a\000l\000y\000s\000i\000s}{section.4.1}% 41
\BOOKMARK [1][-]{section.4.2}{\376\377\000A\000p\000p\000l\000i\000c\000a\000t\000i\000o\000n\000\040\000I\000m\000p\000l\000e\000m\000e\000n\000t\000a\000t\000i\000o\000n\000\040\000a\000n\000d\000\040\000D\000e\000p\000l\000o\000y\000m\000e\000n\000t}{chapter.4}% 42
\BOOKMARK [1][-]{section.4.3}{\376\377\000D\000i\000s\000c\000u\000s\000s\000i\000o\000n}{chapter.4}% 43
\BOOKMARK [2][-]{subsection.4.3.1}{\376\377\000C\000o\000m\000p\000a\000r\000i\000s\000o\000n\000\040\000w\000i\000t\000h\000\040\000t\000h\000e\000\040\000e\000x\000i\000s\000t\000i\000n\000g\000\040\000p\000r\000o\000j\000e\000c\000t\000s\000\040\000i\000n\000\040\000t\000e\000r\000m\000s\000\040\000o\000f\000\040\000t\000h\000e\000\040\000m\000o\000d\000e\000l\000'\000s\000\040\000p\000e\000r\000f\000o\000r\000m\000a\000n\000c\000e\000,\000\040\000i\000n\000t\000e\000r\000p\000r\000e\000t\000a\000b\000i\000l\000i\000t\000y\000,\000\040\000a\000n\000d\000\040\000c\000o\000m\000p\000l\000e\000x\000i\000t\000y}{section.4.3}% 44
\BOOKMARK [2][-]{subsection.4.3.2}{\376\377\000L\000i\000m\000i\000t\000a\000t\000i\000o\000n\000s}{section.4.3}% 45
\BOOKMARK [0][-]{chapter.5}{\376\377\000C\000o\000n\000c\000l\000u\000s\000i\000o\000n\000\040\000a\000n\000d\000\040\000R\000e\000c\000o\000m\000m\000e\000n\000d\000a\000t\000i\000o\000n\000s}{}% 46
\BOOKMARK [1][-]{section.5.1}{\376\377\000C\000o\000n\000t\000r\000i\000b\000u\000t\000i\000o\000n\000s}{chapter.5}% 47
\BOOKMARK [1][-]{section.5.2}{\376\377\000R\000e\000c\000o\000m\000m\000e\000n\000d\000a\000t\000i\000o\000n\000s\000\040\000a\000n\000d\000\040\000F\000u\000t\000u\000r\000e\000\040\000W\000o\000r\000k}{chapter.5}% 48
\BOOKMARK [0][-]{section*.26}{\376\377\000R\000E\000F\000E\000R\000E\000N\000C\000E\000S}{}% 49
\BOOKMARK [0][-]{section*.27}{\376\377\000A\000P\000P\000E\000N\000D\000I\000C\000E\000S}{}% 50
\BOOKMARK [1][-]{section*.28}{\376\377\000A\000P\000P\000E\000N\000D\000I\000X\000\040\000A\000:\000\040\000L\000S\000T\000M\000\040\000M\000O\000D\000E\000L\000\040\000I\000M\000P\000L\000E\000M\000E\000N\000T\000A\000T\000I\000O\000N}{section*.27}% 51
\BOOKMARK [0][-]{appendix.A}{\376\377\000L\000S\000T\000M\000\040\000M\000O\000D\000E\000L\000\040\000I\000M\000P\000L\000E\000M\000E\000N\000T\000A\000T\000I\000O\000N}{}% 52
\BOOKMARK [1][-]{section*.29}{\376\377\000A\000P\000P\000E\000N\000D\000I\000X\000\040\000B\000:\000\040\000F\000E\000A\000T\000U\000R\000E\000\040\000E\000N\000G\000I\000N\000E\000E\000R\000I\000N\000G}{appendix.A}% 53
\BOOKMARK [0][-]{appendix.B}{\376\377\000F\000E\000A\000T\000U\000R\000E\000\040\000E\000N\000G\000I\000N\000E\000E\000R\000I\000N\000G}{}% 54
